21:26:56 **** Incremental Build of configuration Debug for project spi_divide_sum ****
make all 
make --no-print-directory pre-build
a9-linaro-pre-build-step
' '
make --no-print-directory main-build
'Building file: ../src/main.cpp'
'Invoking: ARM v7 g++ compiler'
arm-none-eabi-g++ -Wall -O0 -g3 -c -fmessage-length=0 -MT"src/main.o" -mcpu=cortex-a9 -mfpu=vfpv3 -mfloat-abi=hard -IC:/works/verilog/starlite_prj/spi_divide_sum_baremetal/vitis_ps/design_1_wrapper/export/design_1_wrapper/sw/design_1_wrapper/standalone_ps7_cortexa9_0/bspinclude/include -MMD -MP -MF"src/main.d" -MT"src/main.o" -o "src/main.o" "../src/main.cpp"
'Finished building: ../src/main.cpp'
' '
'Building target: spi_divide_sum.elf'
'Invoking: ARM v7 g++ linker'
arm-none-eabi-g++ -mcpu=cortex-a9 -mfpu=vfpv3 -mfloat-abi=hard -Wl,-build-id=none -specs=Xilinx.spec -Wl,-T -Wl,../src/lscript.ld -LC:/works/verilog/starlite_prj/spi_divide_sum_baremetal/vitis_ps/design_1_wrapper/export/design_1_wrapper/sw/design_1_wrapper/standalone_ps7_cortexa9_0/bsplib/lib -o "spi_divide_sum.elf"  ./src/main.o   -Wl,--start-group,-lxil,-lgcc,-lc,-lstdc++,--end-group
'Finished building target: spi_divide_sum.elf'
' '
'Invoking: ARM v7 Print Size'
arm-none-eabi-size spi_divide_sum.elf  |tee "spi_divide_sum.elf.size"
   text	   data	    bss	    dec	    hex	filename
  55371	   2548	  22632	  80551	  13aa7	spi_divide_sum.elf
'Finished building: spi_divide_sum.elf.size'
' '

21:26:59 Build Finished (took 3s.244ms)

